Microchip MPLAB XC8 Compiler V2.50

Linker command line:

-W-3 \
  --edf=C:\Program Files\Microchip\xc8\v2.50\pic\dat\20240725155939_en.msgs \
  -cn -h+dist/default/production\Lab2.X.production.sym \
  --cmf=dist/default/production\Lab2.X.production.cmf -z -Q16F877A \
  -oC:\Users\UTILIS~1\AppData\Local\Temp\xcAsqes.\driver_tmp_3.o \
  --defsym=__MPLAB_BUILD=1 --fixupoverflow=error \
  -Mdist/default/production/Lab2.X.production.map \
  --md=C:\Users\UTILIS~1\AppData\Local\Temp\xcAsqes.\driver_tmp_0.dat -E1 \
  -ver=XC8 Compiler --acfsm=1493 -ACODE=00h-07FFhx4 -ASTRCODE=00h-01FFFh \
  -ASTRING=00h-0FFhx32 -ACONST=00h-0FFhx32 -AENTRY=00h-0FFhx32 \
  -ACOMMON=070h-07Fh -ABANK0=020h-06Fh -ABANK1=0A0h-0EFh \
  -ABANK2=0110h-016Fh -ABANK3=0190h-01EFh \
  -ARAM=020h-06Fh,0A0h-0EFh,0110h-016Fh,0190h-01EFh \
  -AABS1=020h-07Fh,0A0h-0EFh,0110h-016Fh,0190h-01EFh -ASFR0=00h-01Fh \
  -ASFR1=080h-09Fh -ASFR2=0100h-010Fh -ASFR3=0180h-018Fh \
  -ACONFIG=02007h-02007h -DCONFIG=2 -AIDLOC=02000h-02003h -DIDLOC=2 \
  -AEEDATA=00h-0FFh/02100h -peeprom_data=EEDATA -DEEDATA=2 -DCODE=2 \
  -DSTRCODE=2 -DSTRING=2 -DCONST=2 -DENTRY=2 \
  -preset_vec=00h,intentry=04h,sivt,init,end_init -ppowerup=CODE \
  -pcinit=CODE -pfunctab=ENTRY -k \
  C:\Users\UTILIS~1\AppData\Local\Temp\xcAsqes.\driver_tmp_13.o \
  dist/default/production\Lab2.X.production.o 

Object code version is 3.11

Machine type is 16F877A



                Name                               Link     Load   Length Selector   Space Scale
C:\Users\UTILIS~1\AppData\Local\Temp\xcAsqes.\driver_tmp_13.o
                end_init                              C        C        3        8       0
                reset_vec                             0        0        3        0       0
                config                             2007     2007        1        0       4
dist/default/production\Lab2.X.production.o
                cinit                                 F        F       14        8       0
                intentry                              4        4        8        8       0
                config                             2007     2007        1        0       4
                text5                               1E8      1E8       1C      392       0
                text4                               16E      16E       31        8       0
                text3                               1C9      1C9       1F      392       0
                text2                               13D      13D       31        8       0
                text1                               204      204       18      392       0
                maintext                             23       23      11A        8       0
                cstackBANK0                          2E       2E        2       20       1
                cstackCOMMON                         70       70        B       70       1
                bssBANK0                             20       20        E       20       1
                strings                             19F      19F       2A      33E       0

TOTAL           Name                               Link     Load   Length     Space
        CLASS   CODE           
                end_init                              C        C        3         0
                cinit                                 F        F       14         0
                intentry                              4        4        8         0
                reset_vec                             0        0        3         0
                text5                               1E8      1E8       1C         0
                text4                               16E      16E       31         0
                text3                               1C9      1C9       1F         0
                text2                               13D      13D       31         0
                text1                               204      204       18         0
                maintext                             23       23      11A         0

        CLASS   STRCODE        

        CLASS   STRING         
                strings                             19F      19F       2A         0

        CLASS   CONST          

        CLASS   ENTRY          

        CLASS   COMMON         
                cstackCOMMON                         70       70        B         1

        CLASS   BANK0          
                cstackBANK0                          2E       2E        2         1
                bssBANK0                             20       20        E         1

        CLASS   BANK1          

        CLASS   BANK2          

        CLASS   BANK3          

        CLASS   RAM            

        CLASS   ABS1           
                abs_s1                               7E       7E        2         1

        CLASS   SFR0           

        CLASS   SFR1           

        CLASS   SFR2           

        CLASS   SFR3           

        CLASS   CONFIG         
                config                             2007     2007        1         4

        CLASS   IDLOC          

        CLASS   EEDATA         

        CLASS   HEAP           

        CLASS   STACK          



SEGMENTS        Name                           Load    Length   Top    Selector   Space  Class     Delta

                reset_vec                      000000  000003  000003         0       0  CODE        2
                intentry                       000004  00019B  00019F         8       0  CODE        2
                bssBANK0                       000020  000010  000030        20       1  BANK0       1
                cstackCOMMON                   000070  00000B  00007B        70       1  COMMON      1
                strings                        00019F  00002A  0001C9       33E       0  STRING      2
                text3                          0001C9  000053  00021C       392       0  CODE        2


UNUSED ADDRESS RANGES

        Name                Unused          Largest block    Delta
        BANK0            0030-006F             40           1
        BANK1            00A0-00EF             50           1
        BANK2            0110-016F             60           1
        BANK3            0190-01EF             60           1
        CODE             0003-0003              1           2
                         021C-1FFF            800
        COMMON           007B-007D              3           1
        CONST            0003-0003              1           2
                         021C-1FFF            100
        EEDATA           2100-21FF            100           2
        ENTRY            0003-0003              1           2
                         021C-1FFF            100
        IDLOC            2000-2003              4           2
        RAM              0030-006F             40           1
                         00A0-00EF             50
                         0110-016F             60
                         0190-01EF             60
        SFR0             0000-001F             20           1
        SFR1             0080-009F             20           1
        SFR2             0100-010F             10           1
        SFR3             0180-018F             10           1
        STRCODE          0003-0003              1           2
                         021C-1FFF           1DE4
        STRING           0003-0003              1           2
                         021C-1FFF            100

                                  Symbol Table

_INTCONbits              (abs)        000B
_OPTION_REG              (abs)        0081
_PORTB                   (abs)        0006
_PORTBbits               (abs)        0006
_RA0                     (abs)        0028
_RA1                     (abs)        0029
_RA4                     (abs)        002C
_RC0                     (abs)        0038
_RC1                     (abs)        0039
_TMR0                    (abs)        0001
_TRISA                   (abs)        0085
_TRISAbits               (abs)        0085
_TRISB                   (abs)        0086
_TRISCbits               (abs)        0087
__H__absolute__          __absolute__ 0000
__Habs1                  abs1         0000
__Hbank0                 bank0        0000
__Hbank1                 bank1        0000
__Hbank2                 bank2        0000
__Hbank3                 bank3        0000
__HbssBANK0              bssBANK0     0000
__Hcinit                 cinit        0023
__Hclrtext               clrtext      0000
__Hcode                  code         0000
__Hcommon                common       0000
__Hconfig                config       2008
__HcstackBANK0           cstackBANK0  0000
__HcstackCOMMON          cstackCOMMON 0000
__Heeprom_data           eeprom_data  0000
__Hend_init              end_init     000F
__Hfunctab               functab      0000
__Hheap                  heap         0000
__Hinit                  init         000C
__Hintentry              intentry     000C
__Hmaintext              maintext     0000
__Hpowerup               powerup      0000
__Hram                   ram          0000
__Hreset_vec             reset_vec    0003
__Hsfr0                  sfr0         0000
__Hsfr1                  sfr1         0000
__Hsfr2                  sfr2         0000
__Hsfr3                  sfr3         0000
__Hsivt                  sivt         000C
__Hspace_0               (abs)        021C
__Hspace_1               (abs)        007B
__Hspace_2               (abs)        0000
__Hspace_3               (abs)        0000
__Hspace_4               (abs)        400F
__Hstack                 stack        0000
__Hstrings               strings      0000
__Htext                  text         0000
__L__absolute__          __absolute__ 0000
__Labs1                  abs1         0000
__Lbank0                 bank0        0000
__Lbank1                 bank1        0000
__Lbank2                 bank2        0000
__Lbank3                 bank3        0000
__LbssBANK0              bssBANK0     0000
__Lcinit                 cinit        000F
__Lclrtext               clrtext      0000
__Lcode                  code         0000
__Lcommon                common       0000
__Lconfig                config       0000
__LcstackBANK0           cstackBANK0  0000
__LcstackCOMMON          cstackCOMMON 0000
__Leeprom_data           eeprom_data  0000
__Lend_init              end_init     000C
__Lfunctab               functab      0000
__Lheap                  heap         0000
__Linit                  init         000C
__Lintentry              intentry     0004
__Lmaintext              maintext     0000
__Lpowerup               powerup      0000
__Lram                   ram          0000
__Lreset_vec             reset_vec    0000
__Lsfr0                  sfr0         0000
__Lsfr1                  sfr1         0000
__Lsfr2                  sfr2         0000
__Lsfr3                  sfr3         0000
__Lsivt                  sivt         000C
__Lspace_0               (abs)        0000
__Lspace_1               (abs)        0000
__Lspace_2               (abs)        0000
__Lspace_3               (abs)        0000
__Lspace_4               (abs)        0000
__Lstack                 stack        0000
__Lstrings               strings      0000
__Ltext                  text         0000
__S0                     (abs)        021C
__S1                     (abs)        007B
__S3                     (abs)        0000
___heap_hi               (abs)        0000
___heap_lo               (abs)        0000
___int_sp                stack        0000
___int_stack_hi          stack        0000
___int_stack_lo          stack        0000
___latbits               (abs)        0002
___sp                    stack        0000
___stack_hi              stack        0000
___stack_lo              stack        0000
___stackhi               (abs)        0000
___stacklo               (abs)        0000
__end_of__initialization cinit        001F
__end_of__stringtab      strings      01A5
__end_of_lcd_cmd         text4        019F
__end_of_lcd_data        text2        016E
__end_of_lcd_init        text3        01E8
__end_of_lcd_string      text1        021C
__end_of_main            maintext     013D
__end_of_timer_0         text5        0204
__initialization         cinit        000F
__pbssBANK0              bssBANK0     0020
__pcstackBANK0           cstackBANK0  002E
__pcstackCOMMON          cstackCOMMON 0070
__pintentry              intentry     0004
__pmaintext              maintext     0023
__pstrings               strings      019F
__ptext1                 text1        0204
__ptext2                 text2        013D
__ptext3                 text3        01C9
__ptext4                 text4        016E
__ptext5                 text5        01E8
__stringbase             strings      01A4
__stringtab              strings      019F
_lcd_cmd                 text4        016E
_lcd_data                text2        013D
_lcd_init                text3        01C9
_lcd_string              text1        0204
_main                    maintext     0023
_timer_0                 text5        01E8
_timer_count             bssBANK0     002C
_timer_count1            bssBANK0     002A
btemp                    (abs)        007E
end_of_initialization    cinit        001F
interrupt_function       intentry     0004
intlevel0                functab      0000
intlevel1                functab      0000
intlevel2                functab      0000
intlevel3                functab      0000
intlevel4                functab      0000
intlevel5                functab      0000
lcd_cmd@cmd              cstackCOMMON 0074
lcd_data@data            cstackCOMMON 0074
lcd_string@i             cstackCOMMON 0077
lcd_string@num           cstackCOMMON 0076
lcd_string@str           cstackCOMMON 0075
main@jose                cstackBANK0  002E
main@marie               cstackBANK0  002F
reset_vec                reset_vec    0000
saved_w                  (abs)        007E
start                    init         000C
start_initialization     cinit        000F
wtemp0                   (abs)        007E


MODULE INFORMATION

Module		Function		Class		Link	Load	Size
newmain.c
		_lcd_cmd       		CODE           	016E	0000	49
		_lcd_data      		CODE           	013D	0000	49
		_timer_0       		CODE           	01E8	0000	28
		_main          		CODE           	0023	0000	282
		_lcd_string    		CODE           	0204	0000	24
		_lcd_init      		CODE           	01C9	0000	31

newmain.c estimated size: 463

shared
		__stringtab    		STRING         	019F	0000	6
		__initialization		CODE           	000F	0000	16

shared estimated size: 22

